2026-08-29 22:30:29,530 [INFO] __main__: Script: /home/willh/water_dashboard/backend/API_Current/weatherData_backfillHourly.py started at 2026-08-29 22:30:29.530770
2026-08-29 22:30:29,530 [INFO] backend.API_Current.weather_helper_backfill: 
##################################################
WARNING: START YEAR IS 2025 FOR TEST
##################################################

2026-08-29 22:30:29,531 [INFO] backend.API_Current.weather_helper_backfill: Backfilling hourly weather records for year: 2025
2026-08-29 22:30:42,360 [INFO] backend.API_Current.weather_helper_backfill: Backfilling hourly weather records for year: 2026
2026-08-29 22:30:49,473 [INFO] backend.API_Current.weather_helper_backfill: Number of failed years: 0.
2026-08-29 22:30:49,476 [INFO] __main__: Script: /home/willh/water_dashboard/backend/API_Current/weatherData_backfillHourly.py completed at 2026-08-29 22:30:49.476193
2026-08-29 22:33:42,914 [INFO] __main__: Script: /home/willh/water_dashboard/backend/API_Current/weatherData_backfillHourly.py started at 2026-08-29 22:33:42.914481
2026-08-29 22:33:42,914 [INFO] backend.API_Current.weather_helper_backfill: 
##################################################
WARNING: START YEAR IS 2025 FOR TEST
##################################################

2026-08-29 22:33:42,914 [INFO] backend.API_Current.weather_helper_backfill: Backfilling hourly weather records for year: 2025
2026-08-29 22:33:53,047 [INFO] backend.API_Current.weather_helper_backfill: Backfilling hourly weather records for year: 2026
2026-08-29 22:33:58,733 [INFO] backend.API_Current.weather_helper_backfill: Number of failed years: 0.
2026-08-29 22:33:58,735 [INFO] __main__: Script: /home/willh/water_dashboard/backend/API_Current/weatherData_backfillHourly.py completed at 2026-08-29 22:33:58.735518
2026-08-29 22:35:36,965 [INFO] __main__: Script: /home/willh/water_dashboard/backend/API_Current/weatherData_backfillHourly.py started at 2026-08-29 22:35:36.964994
2026-08-29 22:35:36,965 [INFO] backend.API_Current.weather_helper_backfill: 
##################################################
WARNING: START YEAR IS 2025 FOR TEST
##################################################

2026-08-29 22:35:36,965 [INFO] backend.API_Current.weather_helper_backfill: Backfilling hourly weather records for year: 2025
2026-08-29 22:35:49,940 [INFO] backend.API_Current.weather_helper_backfill: Backfilling hourly weather records for year: 2026
2026-08-29 22:35:53,911 [INFO] backend.API_Current.weather_helper_backfill: Number of failed years: 0.
2026-08-29 22:35:53,913 [INFO] __main__: Script: /home/willh/water_dashboard/backend/API_Current/weatherData_backfillHourly.py completed at 2026-08-29 22:35:53.913182
2026-08-29 22:37:06,024 [INFO] __main__: Script: /home/willh/water_dashboard/backend/API_Current/weatherData_backfillHourly.py started at 2026-08-29 22:37:06.023990
2026-08-29 22:37:06,024 [INFO] backend.API_Current.weather_helper_backfill: 
##################################################
WARNING: START YEAR IS 2025 FOR TEST
##################################################

2026-08-29 22:37:06,024 [INFO] backend.API_Current.weather_helper_backfill: Backfilling hourly weather records for year: 2025
2026-08-29 22:37:19,129 [INFO] backend.API_Current.weather_helper_backfill: Backfilling hourly weather records for year: 2026
2026-08-29 22:37:22,887 [INFO] backend.API_Current.weather_helper_backfill: Number of failed years: 0.
2026-08-29 22:37:22,889 [INFO] __main__: Script: /home/willh/water_dashboard/backend/API_Current/weatherData_backfillHourly.py completed at 2026-08-29 22:37:22.889481
